// Jest Snapshot v1, https://goo.gl/fbAQLP

exports[`<TextInput/> sholud match snapshot 1`] = `
<input
  class="textinput"
  placeholder="Type your search"
  type="search"
  value="testando"
/>
`;
